// Jest Snapshot v1, https://goo.gl/fbAQLP

exports[`Testing in <TodoList/> should return the <TodoList/> componente correctly 1`] = `
<ul
  className="list-group list-group-flush"
>
  <TodoListItem
    index={0}
    key="1"
    onDelete={[MockFunction]}
    onDone={[MockFunction]}
    todo={
      Object {
        "desc": "Aprender React",
        "done": false,
        "id": 1,
      }
    }
  />
  <TodoListItem
    index={1}
    key="2"
    onDelete={[MockFunction]}
    onDone={[MockFunction]}
    todo={
      Object {
        "desc": "Aprender Firebase",
        "done": false,
        "id": 2,
      }
    }
  />
</ul>
`;
