// Jest Snapshot v1, https://goo.gl/fbAQLP

exports[`Testing in <TodoApp/> component should return the component correctly 1`] = `
<div>
  <h1>
    TodoApp (
    0
    )
  </h1>
  <hr />
  <div
    className="row"
  >
    <div
      className="col-7"
    >
      <TodoList
        onDelete={[Function]}
        onDone={[Function]}
        todos={Array []}
      />
    </div>
    <div
      className="col-5"
    >
      <TodoAdd
        onAddTodo={[Function]}
      />
    </div>
  </div>
</div>
`;
