// Jest Snapshot v1, https://goo.gl/fbAQLP

exports[`Testing to HookApp.js should be return the HookApp component 1`] = `
<h1>
  Hello World!
</h1>
`;
