// Jest Snapshot v1, https://goo.gl/fbAQLP

exports[`Testing in <HomeScreen/> component should show the component correctly 1`] = `
<div>
  <h1>
    HomeScreen
  </h1>
  <hr />
  <pre>
    {
   "name": "Cris",
   "email": "cris@domain.com"
}
  </pre>
</div>
`;
